---
source: boltffi_backend/tests/swift.rs
assertion_line: 223
expression: "rendered_fixture(\"exports/direct_vector_closure_parameter\")"
---
===== DemoFFI.swift =====
import Foundation
import DemoFFI

public struct FfiError: Error {
    public let message: String

    public init(message: String) {
        self.message = message
    }
}

public func install(callback: @escaping ([UInt32]) -> UInt32) {
    final class __BoltffiCallbackClosure {
        let invoke: ([UInt32]) -> UInt32
        init(_ invoke: @escaping ([UInt32]) -> UInt32) { self.invoke = invoke }
    }
    let __boltffi_callback_box = __BoltffiCallbackClosure(callback)
    let __boltffi_callback_context = Unmanaged.passRetained(__boltffi_callback_box).toOpaque()
    let __boltffi_callback_call: @convention(c) (UnsafeMutableRawPointer?, UnsafePointer<UInt32>?, UInt) -> UInt32 = { context, arg0_ptr, arg0_len in
        let arg0_count = Int(arg0_len)
        let arg0_value = arg0_count == 0 ? [] : Array(UnsafeBufferPointer(start: arg0_ptr!, count: arg0_count))
        return Unmanaged<__BoltffiCallbackClosure>.fromOpaque(context!).takeUnretainedValue().invoke(arg0_value)
    }
    let __boltffi_callback_release: @convention(c) (UnsafeMutableRawPointer?) -> Void = { context in
        guard let context = context else { return }
        Unmanaged<__BoltffiCallbackClosure>.fromOpaque(context).release()
    }
    boltffi_function_demo_install(__boltffi_callback_call, __boltffi_callback_context, __boltffi_callback_release)
}
