---
source: boltffi_backend/tests/swift.rs
expression: "rendered_partial_fixture(\"callback/callback_byte_slice_parameter\")"
---
===== DemoFFI.swift =====
import Foundation
import DemoFFI

public struct FfiError: Error {
    public let message: String

    public init(message: String) {
        self.message = message
    }
}

public protocol Listener: AnyObject {
    func onName(name: String)
}

private final class ListenerWrapper {
    let impl: Listener

    init(_ impl: Listener) {
        self.impl = impl
    }
}

private var __boltffi_listener_vtable: ___ListenerVTable = {
    ___ListenerVTable(
        free: { handle in
            guard handle != 0 else { return }
            Unmanaged<ListenerWrapper>.fromOpaque(UnsafeRawPointer(bitPattern: UInt(handle))!).release()
        },
        clone: { handle in
            guard handle != 0 else { return 0 }
            let wrapper = Unmanaged<ListenerWrapper>.fromOpaque(UnsafeRawPointer(bitPattern: UInt(handle))!)
            _ = wrapper.retain()
            return handle
        },
        on_name: { handle, name_ptr, name_len in
            guard handle != 0 else { fatalError("invalid callback handle") }
            let wrapper = Unmanaged<ListenerWrapper>.fromOpaque(UnsafeRawPointer(bitPattern: UInt(handle))!).takeUnretainedValue()
            var __boltffi_name_reader: WireReader = WireReader(ptr: name_ptr!, len: Int(name_len))
            wrapper.impl.onName(name: __boltffi_name_reader.readString())
        }
    )
}()

private enum ListenerBridge {
    private static let register: Void = {
        boltffi_register_callback_demo_listener(&__boltffi_listener_vtable)
    }()

    static func create(_ impl: Listener) -> BoltFFICallbackHandle {
        _ = register
        let wrapper = ListenerWrapper(impl)
        let handle = UInt64(UInt(bitPattern: Unmanaged.passRetained(wrapper).toOpaque()))
        return boltffi_create_callback_demo_listener(handle)
    }
}
