---
source: boltffi_backend/tests/jni/associated.rs
expression: "rendered_fixture(\"associated/mutable_record_receiver\")"
---
===== jni/demo.h =====
<c abi support declarations>
typedef struct {
    double x;
    double y;
} ___Point;
FfiStatus boltffi_method_record_demo_point_move_by(___Point receiver, ___Point *receiver_out, double dx);

===== jni/jni_glue.c =====
<jni source includes>
<jni exception helpers>
<jni status helper>
<jni record helpers>
JNIEXPORT void JNICALL Java_com_boltffi_demo_Native_boltffi_1method_1record_1demo_1point_1move_1by(JNIEnv *env, jclass cls, jbyteArray receiver, jdouble dx) {
    (void)cls;

    ___Point __boltffi_receiver_value;
    ___Point __boltffi_receiver_out;

    if (!boltffi_jni_read_record(env, receiver, (uintptr_t)sizeof(___Point), &__boltffi_receiver_value)) {
        goto __boltffi_error;
    }

    FfiStatus __boltffi_status = boltffi_method_record_demo_point_move_by(__boltffi_receiver_value, &__boltffi_receiver_out, dx);

    if (__boltffi_status.code != 0) {
        boltffi_jni_throw_status(env, __boltffi_status);
        return;
    }

    (*env)->SetByteArrayRegion(env, receiver, 0, (jsize)sizeof(___Point), (const jbyte *)&__boltffi_receiver_out);
    if ((*env)->ExceptionCheck(env)) {
        goto __boltffi_error;
    }
    return;
__boltffi_error:
    return;
}
